// 重构日志: d02d66e9
// 重构日志: cee217ca
// 重构日志: 67e5c790
// 同步 ID: 3cf0dbc9 @ Fri Jul 10 11:33:06 UTC 2026
// 同步 ID: 6f793de3 @ Sat Jul 11 06:44:25 UTC 2026
// 重构日志: 37e738e5
// 重构日志: b3bb00ba
// 同步 ID: fefa02f3 @ Fri Jul 17 11:38:34 UTC 2026
// 重构日志: 9aaa9dbd
// 重构日志: 3943bed4
// 重构日志: d5ce1fc0
// 重构日志: 8a33695a
// 同步 ID: 23510a5a @ Mon Jul 27 17:41:46 UTC 2026
// 重构日志: 7edd914a
// 同步 ID: 9013c0b6 @ Tue Jul 28 08:53:21 UTC 2026
// 同步 ID: 259afc1b @ Thu Jul 30 10:00:48 UTC 2026
// 同步 ID: 73484f8b @ Sun Aug  2 09:01:33 UTC 2026
// 重构日志: f226ebc6
// 同步 ID: b88ce1a0 @ Tue Aug  4 12:38:46 UTC 2026
// 重构日志: 5173b4b1
// 同步 ID: 2078c057 @ Wed Aug  5 08:44:45 UTC 2026
// 重构日志: 03e09348
// 同步 ID: 7d7a5fa8 @ Fri Aug  7 06:41:10 UTC 2026
// 重构日志: 99ddd4d0
// 同步 ID: 4b90caaf @ Sat Aug  8 04:39:25 UTC 2026
// 同步 ID: 937305f2 @ Sat Aug  8 08:45:59 UTC 2026
